<?xml version="1.0" encoding="utf-8"?>
<TestRun id="3e60bdd4-7453-48ac-8082-af821e2eda8d" name="Zachary.Christophers@RRT01333 2024-10-11 08:29:23" runUser="RAGINGRIVER\Zachary.Christophers" xmlns="http://microsoft.com/schemas/VisualStudio/TeamTest/2010">
  <Times creation="2024-10-11T08:29:23.0689562+02:00" queuing="2024-10-11T08:29:23.0689566+02:00" start="2024-10-11T08:29:20.6912199+02:00" finish="2024-10-11T08:29:23.1541586+02:00" />
  <TestSettings name="default" id="88815465-43e5-45b2-95ca-48819faf17e3">
    <Deployment runDeploymentRoot="Zachary.Christophers_RRT01333_2024-10-11_08_29_23" />
  </TestSettings>
  <Results>
    <UnitTestResult executionId="0e113519-6ecb-4d97-b03a-d246b00f19ff" testId="06e4afab-9c6b-9650-ec87-7bdb70f8f2aa" testName="ParameterNameAnalyzer.Test.ParameterNameAnalyzerTests.TestAnalyzerForOverloadedMethods" computerName="RRT01333" duration="00:00:01.4731504" startTime="2024-10-11T08:29:22.8597926+02:00" endTime="2024-10-11T08:29:22.8598157+02:00" testType="13cdc9d9-ddb5-4fa4-a97d-d965ccfc6d4b" outcome="Passed" testListId="8c84fa94-04c1-424b-9868-57a2d4851a1d" relativeResultsDirectory="0e113519-6ecb-4d97-b03a-d246b00f19ff" />
    <UnitTestResult executionId="02f9d2b1-b54a-41ee-b710-dfd1b2336be1" testId="9628ad9b-ad21-39d3-03a4-56f30d1a7967" testName="ParameterNameAnalyzer.Test.ParameterNameAnalyzerTests.DiagnosticForMultipleArgumentsWithoutParameterNames" computerName="RRT01333" duration="00:00:00.0136555" startTime="2024-10-11T08:29:23.0996464+02:00" endTime="2024-10-11T08:29:23.0996468+02:00" testType="13cdc9d9-ddb5-4fa4-a97d-d965ccfc6d4b" outcome="Passed" testListId="8c84fa94-04c1-424b-9868-57a2d4851a1d" relativeResultsDirectory="02f9d2b1-b54a-41ee-b710-dfd1b2336be1" />
    <UnitTestResult executionId="27e91105-96f4-4637-b004-607fdb2b5da0" testId="d7f8b161-fd9d-73a5-9b9e-37021f6d6505" testName="ParameterNameAnalyzer.Test.ParameterNameAnalyzerTests.NoDiagnosticWhenAllParameterNamesArePresent" computerName="RRT01333" duration="00:00:00.0062157" startTime="2024-10-11T08:29:23.0227370+02:00" endTime="2024-10-11T08:29:23.0227372+02:00" testType="13cdc9d9-ddb5-4fa4-a97d-d965ccfc6d4b" outcome="Passed" testListId="8c84fa94-04c1-424b-9868-57a2d4851a1d" relativeResultsDirectory="27e91105-96f4-4637-b004-607fdb2b5da0" />
    <UnitTestResult executionId="3b2256f8-d10b-4923-932c-070ef4cc38f7" testId="764e4542-1948-a8a6-4db8-f6d502f62eee" testName="ParameterNameAnalyzer.Test.ParameterNameAnalyzerTests.NoDiagnosticForExtensionMethodThisParameter" computerName="RRT01333" duration="00:00:00.0170997" startTime="2024-10-11T08:29:23.0401956+02:00" endTime="2024-10-11T08:29:23.0401957+02:00" testType="13cdc9d9-ddb5-4fa4-a97d-d965ccfc6d4b" outcome="Passed" testListId="8c84fa94-04c1-424b-9868-57a2d4851a1d" relativeResultsDirectory="3b2256f8-d10b-4923-932c-070ef4cc38f7" />
    <UnitTestResult executionId="73caf9b9-3993-4cc2-91d7-a427b354f222" testId="cdc95ffb-0500-1932-cb00-e12f8606e294" testName="ParameterNameAnalyzer.Test.ParameterNameAnalyzerTests.TestGeneral" computerName="RRT01333" duration="00:00:00.0042274" startTime="2024-10-11T08:29:23.0719817+02:00" endTime="2024-10-11T08:29:23.0719821+02:00" testType="13cdc9d9-ddb5-4fa4-a97d-d965ccfc6d4b" outcome="Passed" testListId="8c84fa94-04c1-424b-9868-57a2d4851a1d" relativeResultsDirectory="73caf9b9-3993-4cc2-91d7-a427b354f222" />
    <UnitTestResult executionId="893d995d-18c9-4f90-bed0-36b3b49d8e95" testId="535d6695-15fe-39d3-09ea-0decd3753f5f" testName="ParameterNameAnalyzer.Test.ParameterNameAnalyzerTests.DiagnosticForConstructorCallsWithMissingParameterNames" computerName="RRT01333" duration="00:00:00.0574548" startTime="2024-10-11T08:29:22.9585868+02:00" endTime="2024-10-11T08:29:22.9585870+02:00" testType="13cdc9d9-ddb5-4fa4-a97d-d965ccfc6d4b" outcome="Passed" testListId="8c84fa94-04c1-424b-9868-57a2d4851a1d" relativeResultsDirectory="893d995d-18c9-4f90-bed0-36b3b49d8e95" />
    <UnitTestResult executionId="78284be6-ad3a-49bc-96f0-448a65ac601a" testId="46170fb5-f51b-3932-3fd9-84052d9f02c0" testName="ParameterNameAnalyzer.Test.ParameterNameAnalyzerTests.NoDiagnosticForGenericMethodWithNamedParameters" computerName="RRT01333" duration="00:00:00.0405767" startTime="2024-10-11T08:29:22.9007766+02:00" endTime="2024-10-11T08:29:22.9007769+02:00" testType="13cdc9d9-ddb5-4fa4-a97d-d965ccfc6d4b" outcome="Passed" testListId="8c84fa94-04c1-424b-9868-57a2d4851a1d" relativeResultsDirectory="78284be6-ad3a-49bc-96f0-448a65ac601a" />
    <UnitTestResult executionId="dcc56b59-a81a-427f-91f0-d7f902fd1092" testId="13a9dc4f-4cb4-5aad-87f5-8b090e7c3c07" testName="ParameterNameAnalyzer.Test.ParameterNameAnalyzerTests.NoDiagnosticWhenDefaultParametersAreUsed" computerName="RRT01333" duration="00:00:00.0177663" startTime="2024-10-11T08:29:22.9766799+02:00" endTime="2024-10-11T08:29:22.9766803+02:00" testType="13cdc9d9-ddb5-4fa4-a97d-d965ccfc6d4b" outcome="Passed" testListId="8c84fa94-04c1-424b-9868-57a2d4851a1d" relativeResultsDirectory="dcc56b59-a81a-427f-91f0-d7f902fd1092" />
    <UnitTestResult executionId="473017c1-b337-4488-8626-54785ec30b25" testId="0f7ecd2b-f5ef-cd98-ad71-72e18c65ef76" testName="ParameterNameAnalyzer.Test.ParameterNameAnalyzerTests.DiagnosticRaisedWhenParameterNamesAreMissing" computerName="RRT01333" duration="00:00:00.0132924" startTime="2024-10-11T08:29:23.0856398+02:00" endTime="2024-10-11T08:29:23.0856401+02:00" testType="13cdc9d9-ddb5-4fa4-a97d-d965ccfc6d4b" outcome="Passed" testListId="8c84fa94-04c1-424b-9868-57a2d4851a1d" relativeResultsDirectory="473017c1-b337-4488-8626-54785ec30b25" />
    <UnitTestResult executionId="b16ffa11-df3b-42b8-acd6-3b6f66dc3966" testId="f9d4c831-bf50-4816-3b05-5e028fa65c1b" testName="ParameterNameAnalyzer.Test.ParameterNameAnalyzerTests.NoDiagnosticForOptionalParameters" computerName="RRT01333" duration="00:00:00.0267664" startTime="2024-10-11T08:29:23.0674084+02:00" endTime="2024-10-11T08:29:23.0674089+02:00" testType="13cdc9d9-ddb5-4fa4-a97d-d965ccfc6d4b" outcome="Passed" testListId="8c84fa94-04c1-424b-9868-57a2d4851a1d" relativeResultsDirectory="b16ffa11-df3b-42b8-acd6-3b6f66dc3966" />
    <UnitTestResult executionId="202ab14d-08ea-4f1c-83b8-9971025dd106" testId="cd18f0be-c28e-2df5-e790-6aa645565a52" testName="ParameterNameAnalyzer.Test.ParameterNameAnalyzerTests.DiagnosticForChainedMethodCallsWithoutParameterNames" computerName="RRT01333" duration="00:00:00.0187614" startTime="2024-10-11T08:29:23.0028307+02:00" endTime="2024-10-11T08:29:23.0028309+02:00" testType="13cdc9d9-ddb5-4fa4-a97d-d965ccfc6d4b" outcome="Passed" testListId="8c84fa94-04c1-424b-9868-57a2d4851a1d" relativeResultsDirectory="202ab14d-08ea-4f1c-83b8-9971025dd106" />
    <UnitTestResult executionId="bfac3b12-0e80-4e80-bc26-043cd2bcd3f9" testId="74aa2b30-ca40-242a-e82c-a8de35eb70cd" testName="ParameterNameAnalyzer.Test.ParameterNameAnalyzerTests.NoDiagnosticWhenParameterNamesAreExplicit" computerName="RRT01333" duration="00:00:00.0065891" startTime="2024-10-11T08:29:22.9837103+02:00" endTime="2024-10-11T08:29:22.9837107+02:00" testType="13cdc9d9-ddb5-4fa4-a97d-d965ccfc6d4b" outcome="Passed" testListId="8c84fa94-04c1-424b-9868-57a2d4851a1d" relativeResultsDirectory="bfac3b12-0e80-4e80-bc26-043cd2bcd3f9" />
    <UnitTestResult executionId="e4b5d5b5-4d64-4ce9-816a-7b1010dd43e7" testId="b49604ff-76f9-1203-42cb-f198d2ae157d" testName="ParameterNameAnalyzer.Test.ParameterNameAnalyzerTests.DiagnosticForMixedNamedAndPositionalArguments" computerName="RRT01333" duration="00:00:00.0129222" startTime="2024-10-11T08:29:23.0161220+02:00" endTime="2024-10-11T08:29:23.0161222+02:00" testType="13cdc9d9-ddb5-4fa4-a97d-d965ccfc6d4b" outcome="Passed" testListId="8c84fa94-04c1-424b-9868-57a2d4851a1d" relativeResultsDirectory="e4b5d5b5-4d64-4ce9-816a-7b1010dd43e7" />
  </Results>
  <TestDefinitions>
    <UnitTest name="ParameterNameAnalyzer.Test.ParameterNameAnalyzerTests.NoDiagnosticForExtensionMethodThisParameter" storage="c:\users\zachary.christophers\onedrive\documents\repos\christophers.analyzers.parameternameanalyzer\parameternameanalyzer\parameternameanalyzer.test\bin\debug\net8.0\parameternameanalyzer.test.dll" id="764e4542-1948-a8a6-4db8-f6d502f62eee">
      <Execution id="3b2256f8-d10b-4923-932c-070ef4cc38f7" />
      <TestMethod codeBase="C:\Users\zachary.christophers\OneDrive\Documents\Repos\Christophers.Analyzers.ParameterNameAnalyzer\ParameterNameAnalyzer\ParameterNameAnalyzer.Test\bin\Debug\net8.0\ParameterNameAnalyzer.Test.dll" adapterTypeName="executor://xunit/VsTestRunner2/netcoreapp" className="ParameterNameAnalyzer.Test.ParameterNameAnalyzerTests" name="NoDiagnosticForExtensionMethodThisParameter" />
    </UnitTest>
    <UnitTest name="ParameterNameAnalyzer.Test.ParameterNameAnalyzerTests.DiagnosticForConstructorCallsWithMissingParameterNames" storage="c:\users\zachary.christophers\onedrive\documents\repos\christophers.analyzers.parameternameanalyzer\parameternameanalyzer\parameternameanalyzer.test\bin\debug\net8.0\parameternameanalyzer.test.dll" id="535d6695-15fe-39d3-09ea-0decd3753f5f">
      <Execution id="893d995d-18c9-4f90-bed0-36b3b49d8e95" />
      <TestMethod codeBase="C:\Users\zachary.christophers\OneDrive\Documents\Repos\Christophers.Analyzers.ParameterNameAnalyzer\ParameterNameAnalyzer\ParameterNameAnalyzer.Test\bin\Debug\net8.0\ParameterNameAnalyzer.Test.dll" adapterTypeName="executor://xunit/VsTestRunner2/netcoreapp" className="ParameterNameAnalyzer.Test.ParameterNameAnalyzerTests" name="DiagnosticForConstructorCallsWithMissingParameterNames" />
    </UnitTest>
    <UnitTest name="ParameterNameAnalyzer.Test.ParameterNameAnalyzerTests.DiagnosticRaisedWhenParameterNamesAreMissing" storage="c:\users\zachary.christophers\onedrive\documents\repos\christophers.analyzers.parameternameanalyzer\parameternameanalyzer\parameternameanalyzer.test\bin\debug\net8.0\parameternameanalyzer.test.dll" id="0f7ecd2b-f5ef-cd98-ad71-72e18c65ef76">
      <Execution id="473017c1-b337-4488-8626-54785ec30b25" />
      <TestMethod codeBase="C:\Users\zachary.christophers\OneDrive\Documents\Repos\Christophers.Analyzers.ParameterNameAnalyzer\ParameterNameAnalyzer\ParameterNameAnalyzer.Test\bin\Debug\net8.0\ParameterNameAnalyzer.Test.dll" adapterTypeName="executor://xunit/VsTestRunner2/netcoreapp" className="ParameterNameAnalyzer.Test.ParameterNameAnalyzerTests" name="DiagnosticRaisedWhenParameterNamesAreMissing" />
    </UnitTest>
    <UnitTest name="ParameterNameAnalyzer.Test.ParameterNameAnalyzerTests.DiagnosticForMultipleArgumentsWithoutParameterNames" storage="c:\users\zachary.christophers\onedrive\documents\repos\christophers.analyzers.parameternameanalyzer\parameternameanalyzer\parameternameanalyzer.test\bin\debug\net8.0\parameternameanalyzer.test.dll" id="9628ad9b-ad21-39d3-03a4-56f30d1a7967">
      <Execution id="02f9d2b1-b54a-41ee-b710-dfd1b2336be1" />
      <TestMethod codeBase="C:\Users\zachary.christophers\OneDrive\Documents\Repos\Christophers.Analyzers.ParameterNameAnalyzer\ParameterNameAnalyzer\ParameterNameAnalyzer.Test\bin\Debug\net8.0\ParameterNameAnalyzer.Test.dll" adapterTypeName="executor://xunit/VsTestRunner2/netcoreapp" className="ParameterNameAnalyzer.Test.ParameterNameAnalyzerTests" name="DiagnosticForMultipleArgumentsWithoutParameterNames" />
    </UnitTest>
    <UnitTest name="ParameterNameAnalyzer.Test.ParameterNameAnalyzerTests.NoDiagnosticWhenAllParameterNamesArePresent" storage="c:\users\zachary.christophers\onedrive\documents\repos\christophers.analyzers.parameternameanalyzer\parameternameanalyzer\parameternameanalyzer.test\bin\debug\net8.0\parameternameanalyzer.test.dll" id="d7f8b161-fd9d-73a5-9b9e-37021f6d6505">
      <Execution id="27e91105-96f4-4637-b004-607fdb2b5da0" />
      <TestMethod codeBase="C:\Users\zachary.christophers\OneDrive\Documents\Repos\Christophers.Analyzers.ParameterNameAnalyzer\ParameterNameAnalyzer\ParameterNameAnalyzer.Test\bin\Debug\net8.0\ParameterNameAnalyzer.Test.dll" adapterTypeName="executor://xunit/VsTestRunner2/netcoreapp" className="ParameterNameAnalyzer.Test.ParameterNameAnalyzerTests" name="NoDiagnosticWhenAllParameterNamesArePresent" />
    </UnitTest>
    <UnitTest name="ParameterNameAnalyzer.Test.ParameterNameAnalyzerTests.DiagnosticForMixedNamedAndPositionalArguments" storage="c:\users\zachary.christophers\onedrive\documents\repos\christophers.analyzers.parameternameanalyzer\parameternameanalyzer\parameternameanalyzer.test\bin\debug\net8.0\parameternameanalyzer.test.dll" id="b49604ff-76f9-1203-42cb-f198d2ae157d">
      <Execution id="e4b5d5b5-4d64-4ce9-816a-7b1010dd43e7" />
      <TestMethod codeBase="C:\Users\zachary.christophers\OneDrive\Documents\Repos\Christophers.Analyzers.ParameterNameAnalyzer\ParameterNameAnalyzer\ParameterNameAnalyzer.Test\bin\Debug\net8.0\ParameterNameAnalyzer.Test.dll" adapterTypeName="executor://xunit/VsTestRunner2/netcoreapp" className="ParameterNameAnalyzer.Test.ParameterNameAnalyzerTests" name="DiagnosticForMixedNamedAndPositionalArguments" />
    </UnitTest>
    <UnitTest name="ParameterNameAnalyzer.Test.ParameterNameAnalyzerTests.TestAnalyzerForOverloadedMethods" storage="c:\users\zachary.christophers\onedrive\documents\repos\christophers.analyzers.parameternameanalyzer\parameternameanalyzer\parameternameanalyzer.test\bin\debug\net8.0\parameternameanalyzer.test.dll" id="06e4afab-9c6b-9650-ec87-7bdb70f8f2aa">
      <Execution id="0e113519-6ecb-4d97-b03a-d246b00f19ff" />
      <TestMethod codeBase="C:\Users\zachary.christophers\OneDrive\Documents\Repos\Christophers.Analyzers.ParameterNameAnalyzer\ParameterNameAnalyzer\ParameterNameAnalyzer.Test\bin\Debug\net8.0\ParameterNameAnalyzer.Test.dll" adapterTypeName="executor://xunit/VsTestRunner2/netcoreapp" className="ParameterNameAnalyzer.Test.ParameterNameAnalyzerTests" name="TestAnalyzerForOverloadedMethods" />
    </UnitTest>
    <UnitTest name="ParameterNameAnalyzer.Test.ParameterNameAnalyzerTests.NoDiagnosticWhenDefaultParametersAreUsed" storage="c:\users\zachary.christophers\onedrive\documents\repos\christophers.analyzers.parameternameanalyzer\parameternameanalyzer\parameternameanalyzer.test\bin\debug\net8.0\parameternameanalyzer.test.dll" id="13a9dc4f-4cb4-5aad-87f5-8b090e7c3c07">
      <Execution id="dcc56b59-a81a-427f-91f0-d7f902fd1092" />
      <TestMethod codeBase="C:\Users\zachary.christophers\OneDrive\Documents\Repos\Christophers.Analyzers.ParameterNameAnalyzer\ParameterNameAnalyzer\ParameterNameAnalyzer.Test\bin\Debug\net8.0\ParameterNameAnalyzer.Test.dll" adapterTypeName="executor://xunit/VsTestRunner2/netcoreapp" className="ParameterNameAnalyzer.Test.ParameterNameAnalyzerTests" name="NoDiagnosticWhenDefaultParametersAreUsed" />
    </UnitTest>
    <UnitTest name="ParameterNameAnalyzer.Test.ParameterNameAnalyzerTests.NoDiagnosticForOptionalParameters" storage="c:\users\zachary.christophers\onedrive\documents\repos\christophers.analyzers.parameternameanalyzer\parameternameanalyzer\parameternameanalyzer.test\bin\debug\net8.0\parameternameanalyzer.test.dll" id="f9d4c831-bf50-4816-3b05-5e028fa65c1b">
      <Execution id="b16ffa11-df3b-42b8-acd6-3b6f66dc3966" />
      <TestMethod codeBase="C:\Users\zachary.christophers\OneDrive\Documents\Repos\Christophers.Analyzers.ParameterNameAnalyzer\ParameterNameAnalyzer\ParameterNameAnalyzer.Test\bin\Debug\net8.0\ParameterNameAnalyzer.Test.dll" adapterTypeName="executor://xunit/VsTestRunner2/netcoreapp" className="ParameterNameAnalyzer.Test.ParameterNameAnalyzerTests" name="NoDiagnosticForOptionalParameters" />
    </UnitTest>
    <UnitTest name="ParameterNameAnalyzer.Test.ParameterNameAnalyzerTests.TestGeneral" storage="c:\users\zachary.christophers\onedrive\documents\repos\christophers.analyzers.parameternameanalyzer\parameternameanalyzer\parameternameanalyzer.test\bin\debug\net8.0\parameternameanalyzer.test.dll" id="cdc95ffb-0500-1932-cb00-e12f8606e294">
      <Execution id="73caf9b9-3993-4cc2-91d7-a427b354f222" />
      <TestMethod codeBase="C:\Users\zachary.christophers\OneDrive\Documents\Repos\Christophers.Analyzers.ParameterNameAnalyzer\ParameterNameAnalyzer\ParameterNameAnalyzer.Test\bin\Debug\net8.0\ParameterNameAnalyzer.Test.dll" adapterTypeName="executor://xunit/VsTestRunner2/netcoreapp" className="ParameterNameAnalyzer.Test.ParameterNameAnalyzerTests" name="TestGeneral" />
    </UnitTest>
    <UnitTest name="ParameterNameAnalyzer.Test.ParameterNameAnalyzerTests.NoDiagnosticForGenericMethodWithNamedParameters" storage="c:\users\zachary.christophers\onedrive\documents\repos\christophers.analyzers.parameternameanalyzer\parameternameanalyzer\parameternameanalyzer.test\bin\debug\net8.0\parameternameanalyzer.test.dll" id="46170fb5-f51b-3932-3fd9-84052d9f02c0">
      <Execution id="78284be6-ad3a-49bc-96f0-448a65ac601a" />
      <TestMethod codeBase="C:\Users\zachary.christophers\OneDrive\Documents\Repos\Christophers.Analyzers.ParameterNameAnalyzer\ParameterNameAnalyzer\ParameterNameAnalyzer.Test\bin\Debug\net8.0\ParameterNameAnalyzer.Test.dll" adapterTypeName="executor://xunit/VsTestRunner2/netcoreapp" className="ParameterNameAnalyzer.Test.ParameterNameAnalyzerTests" name="NoDiagnosticForGenericMethodWithNamedParameters" />
    </UnitTest>
    <UnitTest name="ParameterNameAnalyzer.Test.ParameterNameAnalyzerTests.DiagnosticForChainedMethodCallsWithoutParameterNames" storage="c:\users\zachary.christophers\onedrive\documents\repos\christophers.analyzers.parameternameanalyzer\parameternameanalyzer\parameternameanalyzer.test\bin\debug\net8.0\parameternameanalyzer.test.dll" id="cd18f0be-c28e-2df5-e790-6aa645565a52">
      <Execution id="202ab14d-08ea-4f1c-83b8-9971025dd106" />
      <TestMethod codeBase="C:\Users\zachary.christophers\OneDrive\Documents\Repos\Christophers.Analyzers.ParameterNameAnalyzer\ParameterNameAnalyzer\ParameterNameAnalyzer.Test\bin\Debug\net8.0\ParameterNameAnalyzer.Test.dll" adapterTypeName="executor://xunit/VsTestRunner2/netcoreapp" className="ParameterNameAnalyzer.Test.ParameterNameAnalyzerTests" name="DiagnosticForChainedMethodCallsWithoutParameterNames" />
    </UnitTest>
    <UnitTest name="ParameterNameAnalyzer.Test.ParameterNameAnalyzerTests.NoDiagnosticWhenParameterNamesAreExplicit" storage="c:\users\zachary.christophers\onedrive\documents\repos\christophers.analyzers.parameternameanalyzer\parameternameanalyzer\parameternameanalyzer.test\bin\debug\net8.0\parameternameanalyzer.test.dll" id="74aa2b30-ca40-242a-e82c-a8de35eb70cd">
      <Execution id="bfac3b12-0e80-4e80-bc26-043cd2bcd3f9" />
      <TestMethod codeBase="C:\Users\zachary.christophers\OneDrive\Documents\Repos\Christophers.Analyzers.ParameterNameAnalyzer\ParameterNameAnalyzer\ParameterNameAnalyzer.Test\bin\Debug\net8.0\ParameterNameAnalyzer.Test.dll" adapterTypeName="executor://xunit/VsTestRunner2/netcoreapp" className="ParameterNameAnalyzer.Test.ParameterNameAnalyzerTests" name="NoDiagnosticWhenParameterNamesAreExplicit" />
    </UnitTest>
  </TestDefinitions>
  <TestEntries>
    <TestEntry testId="06e4afab-9c6b-9650-ec87-7bdb70f8f2aa" executionId="0e113519-6ecb-4d97-b03a-d246b00f19ff" testListId="8c84fa94-04c1-424b-9868-57a2d4851a1d" />
    <TestEntry testId="9628ad9b-ad21-39d3-03a4-56f30d1a7967" executionId="02f9d2b1-b54a-41ee-b710-dfd1b2336be1" testListId="8c84fa94-04c1-424b-9868-57a2d4851a1d" />
    <TestEntry testId="d7f8b161-fd9d-73a5-9b9e-37021f6d6505" executionId="27e91105-96f4-4637-b004-607fdb2b5da0" testListId="8c84fa94-04c1-424b-9868-57a2d4851a1d" />
    <TestEntry testId="764e4542-1948-a8a6-4db8-f6d502f62eee" executionId="3b2256f8-d10b-4923-932c-070ef4cc38f7" testListId="8c84fa94-04c1-424b-9868-57a2d4851a1d" />
    <TestEntry testId="cdc95ffb-0500-1932-cb00-e12f8606e294" executionId="73caf9b9-3993-4cc2-91d7-a427b354f222" testListId="8c84fa94-04c1-424b-9868-57a2d4851a1d" />
    <TestEntry testId="535d6695-15fe-39d3-09ea-0decd3753f5f" executionId="893d995d-18c9-4f90-bed0-36b3b49d8e95" testListId="8c84fa94-04c1-424b-9868-57a2d4851a1d" />
    <TestEntry testId="46170fb5-f51b-3932-3fd9-84052d9f02c0" executionId="78284be6-ad3a-49bc-96f0-448a65ac601a" testListId="8c84fa94-04c1-424b-9868-57a2d4851a1d" />
    <TestEntry testId="13a9dc4f-4cb4-5aad-87f5-8b090e7c3c07" executionId="dcc56b59-a81a-427f-91f0-d7f902fd1092" testListId="8c84fa94-04c1-424b-9868-57a2d4851a1d" />
    <TestEntry testId="0f7ecd2b-f5ef-cd98-ad71-72e18c65ef76" executionId="473017c1-b337-4488-8626-54785ec30b25" testListId="8c84fa94-04c1-424b-9868-57a2d4851a1d" />
    <TestEntry testId="f9d4c831-bf50-4816-3b05-5e028fa65c1b" executionId="b16ffa11-df3b-42b8-acd6-3b6f66dc3966" testListId="8c84fa94-04c1-424b-9868-57a2d4851a1d" />
    <TestEntry testId="cd18f0be-c28e-2df5-e790-6aa645565a52" executionId="202ab14d-08ea-4f1c-83b8-9971025dd106" testListId="8c84fa94-04c1-424b-9868-57a2d4851a1d" />
    <TestEntry testId="74aa2b30-ca40-242a-e82c-a8de35eb70cd" executionId="bfac3b12-0e80-4e80-bc26-043cd2bcd3f9" testListId="8c84fa94-04c1-424b-9868-57a2d4851a1d" />
    <TestEntry testId="b49604ff-76f9-1203-42cb-f198d2ae157d" executionId="e4b5d5b5-4d64-4ce9-816a-7b1010dd43e7" testListId="8c84fa94-04c1-424b-9868-57a2d4851a1d" />
  </TestEntries>
  <TestLists>
    <TestList name="Results Not in a List" id="8c84fa94-04c1-424b-9868-57a2d4851a1d" />
    <TestList name="All Loaded Results" id="19431567-8539-422a-85d7-44ee4e166bda" />
  </TestLists>
  <ResultSummary outcome="Completed">
    <Counters total="13" executed="13" passed="13" failed="0" error="0" timeout="0" aborted="0" inconclusive="0" passedButRunAborted="0" notRunnable="0" notExecuted="0" disconnected="0" warning="0" completed="0" inProgress="0" pending="0" />
    <Output>
      <StdOut>[xUnit.net 00:00:00.00] xUnit.net VSTest Adapter v2.8.2+699d445a1a (64-bit .NET 8.0.10)&#xD;
[xUnit.net 00:00:00.09]   Discovering: ParameterNameAnalyzer.Test&#xD;
[xUnit.net 00:00:00.14]   Discovered:  ParameterNameAnalyzer.Test&#xD;
[xUnit.net 00:00:00.14]   Starting:    ParameterNameAnalyzer.Test&#xD;
[xUnit.net 00:00:01.90]   Finished:    ParameterNameAnalyzer.Test&#xD;
</StdOut>
    </Output>
  </ResultSummary>
</TestRun>