<?xml version="1.0" encoding="utf-8"?>
<TestRun id="2e9552c9-52cc-4036-a97c-ee4a617f7071" name="Zachary.Christophers@RRT01333 2024-10-11 08:27:59" runUser="RAGINGRIVER\Zachary.Christophers" xmlns="http://microsoft.com/schemas/VisualStudio/TeamTest/2010">
  <Times creation="2024-10-11T08:27:59.7049584+02:00" queuing="2024-10-11T08:27:59.7049588+02:00" start="2024-10-11T08:27:57.2192016+02:00" finish="2024-10-11T08:27:59.7891921+02:00" />
  <TestSettings name="default" id="8865adde-9573-4337-99db-03258f05ff3e">
    <Deployment runDeploymentRoot="Zachary.Christophers_RRT01333_2024-10-11_08_27_59" />
  </TestSettings>
  <Results>
    <UnitTestResult executionId="1ae15f68-a9d4-46b8-8657-96eba449f343" testId="b49604ff-76f9-1203-42cb-f198d2ae157d" testName="ParameterNameAnalyzer.Test.ParameterNameAnalyzerTests.DiagnosticForMixedNamedAndPositionalArguments" computerName="RRT01333" duration="00:00:00.0130479" startTime="2024-10-11T08:27:59.6500847+02:00" endTime="2024-10-11T08:27:59.6500850+02:00" testType="13cdc9d9-ddb5-4fa4-a97d-d965ccfc6d4b" outcome="Passed" testListId="8c84fa94-04c1-424b-9868-57a2d4851a1d" relativeResultsDirectory="1ae15f68-a9d4-46b8-8657-96eba449f343" />
    <UnitTestResult executionId="7c9b91b3-15fb-435f-8484-cf13d378e885" testId="cd18f0be-c28e-2df5-e790-6aa645565a52" testName="ParameterNameAnalyzer.Test.ParameterNameAnalyzerTests.DiagnosticForChainedMethodCallsWithoutParameterNames" computerName="RRT01333" duration="00:00:00.0199178" startTime="2024-10-11T08:27:59.6365411+02:00" endTime="2024-10-11T08:27:59.6365413+02:00" testType="13cdc9d9-ddb5-4fa4-a97d-d965ccfc6d4b" outcome="Passed" testListId="8c84fa94-04c1-424b-9868-57a2d4851a1d" relativeResultsDirectory="7c9b91b3-15fb-435f-8484-cf13d378e885" />
    <UnitTestResult executionId="c4e3c1c8-526c-4be2-92ca-cfa84921ba34" testId="764e4542-1948-a8a6-4db8-f6d502f62eee" testName="ParameterNameAnalyzer.Test.ParameterNameAnalyzerTests.NoDiagnosticForExtensionMethodThisParameter" computerName="RRT01333" duration="00:00:00.0173250" startTime="2024-10-11T08:27:59.6751456+02:00" endTime="2024-10-11T08:27:59.6751459+02:00" testType="13cdc9d9-ddb5-4fa4-a97d-d965ccfc6d4b" outcome="Passed" testListId="8c84fa94-04c1-424b-9868-57a2d4851a1d" relativeResultsDirectory="c4e3c1c8-526c-4be2-92ca-cfa84921ba34" />
    <UnitTestResult executionId="d51afdea-4d3b-4e52-b4ee-b437ad834cb5" testId="535d6695-15fe-39d3-09ea-0decd3753f5f" testName="ParameterNameAnalyzer.Test.ParameterNameAnalyzerTests.DiagnosticForConstructorCallsWithMissingParameterNames" computerName="RRT01333" duration="00:00:00.0479579" startTime="2024-10-11T08:27:59.5926970+02:00" endTime="2024-10-11T08:27:59.5926972+02:00" testType="13cdc9d9-ddb5-4fa4-a97d-d965ccfc6d4b" outcome="Passed" testListId="8c84fa94-04c1-424b-9868-57a2d4851a1d" relativeResultsDirectory="d51afdea-4d3b-4e52-b4ee-b437ad834cb5" />
    <UnitTestResult executionId="7e8310d7-4d3f-4ccd-8752-f04f2e6a140c" testId="46170fb5-f51b-3932-3fd9-84052d9f02c0" testName="ParameterNameAnalyzer.Test.ParameterNameAnalyzerTests.NoDiagnosticForGenericMethodWithNamedParameters" computerName="RRT01333" duration="00:00:00.0427660" startTime="2024-10-11T08:27:59.5441250+02:00" endTime="2024-10-11T08:27:59.5441254+02:00" testType="13cdc9d9-ddb5-4fa4-a97d-d965ccfc6d4b" outcome="Passed" testListId="8c84fa94-04c1-424b-9868-57a2d4851a1d" relativeResultsDirectory="7e8310d7-4d3f-4ccd-8752-f04f2e6a140c" />
    <UnitTestResult executionId="7ffef72d-1641-4830-b520-17475629734c" testId="74aa2b30-ca40-242a-e82c-a8de35eb70cd" testName="ParameterNameAnalyzer.Test.ParameterNameAnalyzerTests.NoDiagnosticWhenParameterNamesAreExplicit" computerName="RRT01333" duration="00:00:00.0069966" startTime="2024-10-11T08:27:59.6160567+02:00" endTime="2024-10-11T08:27:59.6160570+02:00" testType="13cdc9d9-ddb5-4fa4-a97d-d965ccfc6d4b" outcome="Passed" testListId="8c84fa94-04c1-424b-9868-57a2d4851a1d" relativeResultsDirectory="7ffef72d-1641-4830-b520-17475629734c" />
    <UnitTestResult executionId="b182bc11-f2ae-4659-ae38-26f8a2a940d5" testId="f9d4c831-bf50-4816-3b05-5e028fa65c1b" testName="ParameterNameAnalyzer.Test.ParameterNameAnalyzerTests.NoDiagnosticForOptionalParameters" computerName="RRT01333" duration="00:00:00.0252685" startTime="2024-10-11T08:27:59.7011184+02:00" endTime="2024-10-11T08:27:59.7011187+02:00" testType="13cdc9d9-ddb5-4fa4-a97d-d965ccfc6d4b" outcome="Passed" testListId="8c84fa94-04c1-424b-9868-57a2d4851a1d" relativeResultsDirectory="b182bc11-f2ae-4659-ae38-26f8a2a940d5" />
    <UnitTestResult executionId="7872d804-70f9-45a5-a37a-af78fc9ffb6a" testId="cdc95ffb-0500-1932-cb00-e12f8606e294" testName="ParameterNameAnalyzer.Test.ParameterNameAnalyzerTests.TestGeneral" computerName="RRT01333" duration="00:00:00.0044662" startTime="2024-10-11T08:27:59.7059152+02:00" endTime="2024-10-11T08:27:59.7059156+02:00" testType="13cdc9d9-ddb5-4fa4-a97d-d965ccfc6d4b" outcome="Passed" testListId="8c84fa94-04c1-424b-9868-57a2d4851a1d" relativeResultsDirectory="7872d804-70f9-45a5-a37a-af78fc9ffb6a" />
    <UnitTestResult executionId="dfe9ebb0-37ae-4d56-9123-1596cca97b0b" testId="d7f8b161-fd9d-73a5-9b9e-37021f6d6505" testName="ParameterNameAnalyzer.Test.ParameterNameAnalyzerTests.NoDiagnosticWhenAllParameterNamesArePresent" computerName="RRT01333" duration="00:00:00.0067745" startTime="2024-10-11T08:27:59.6573073+02:00" endTime="2024-10-11T08:27:59.6573075+02:00" testType="13cdc9d9-ddb5-4fa4-a97d-d965ccfc6d4b" outcome="Passed" testListId="8c84fa94-04c1-424b-9868-57a2d4851a1d" relativeResultsDirectory="dfe9ebb0-37ae-4d56-9123-1596cca97b0b" />
    <UnitTestResult executionId="e2fb67f6-a11c-4443-892a-dd8f5108f0a1" testId="06e4afab-9c6b-9650-ec87-7bdb70f8f2aa" testName="ParameterNameAnalyzer.Test.ParameterNameAnalyzerTests.TestAnalyzerForOverloadedMethods" computerName="RRT01333" duration="00:00:01.4744615" startTime="2024-10-11T08:27:59.5002729+02:00" endTime="2024-10-11T08:27:59.5002975+02:00" testType="13cdc9d9-ddb5-4fa4-a97d-d965ccfc6d4b" outcome="Passed" testListId="8c84fa94-04c1-424b-9868-57a2d4851a1d" relativeResultsDirectory="e2fb67f6-a11c-4443-892a-dd8f5108f0a1" />
    <UnitTestResult executionId="f9b37bae-37ee-4d7f-b613-dc7865a363f5" testId="9628ad9b-ad21-39d3-03a4-56f30d1a7967" testName="ParameterNameAnalyzer.Test.ParameterNameAnalyzerTests.DiagnosticForMultipleArgumentsWithoutParameterNames" computerName="RRT01333" duration="00:00:00.0117423" startTime="2024-10-11T08:27:59.7320105+02:00" endTime="2024-10-11T08:27:59.7320106+02:00" testType="13cdc9d9-ddb5-4fa4-a97d-d965ccfc6d4b" outcome="Passed" testListId="8c84fa94-04c1-424b-9868-57a2d4851a1d" relativeResultsDirectory="f9b37bae-37ee-4d7f-b613-dc7865a363f5" />
    <UnitTestResult executionId="44416a2b-166a-4c45-8f52-2108e79a3ae5" testId="0f7ecd2b-f5ef-cd98-ad71-72e18c65ef76" testName="ParameterNameAnalyzer.Test.ParameterNameAnalyzerTests.DiagnosticRaisedWhenParameterNamesAreMissing" computerName="RRT01333" duration="00:00:00.0133748" startTime="2024-10-11T08:27:59.7197717+02:00" endTime="2024-10-11T08:27:59.7197719+02:00" testType="13cdc9d9-ddb5-4fa4-a97d-d965ccfc6d4b" outcome="Passed" testListId="8c84fa94-04c1-424b-9868-57a2d4851a1d" relativeResultsDirectory="44416a2b-166a-4c45-8f52-2108e79a3ae5" />
    <UnitTestResult executionId="c1edb454-632e-45fa-90fd-492b9846d086" testId="13a9dc4f-4cb4-5aad-87f5-8b090e7c3c07" testName="ParameterNameAnalyzer.Test.ParameterNameAnalyzerTests.NoDiagnosticWhenDefaultParametersAreUsed" computerName="RRT01333" duration="00:00:00.0152793" startTime="2024-10-11T08:27:59.6085600+02:00" endTime="2024-10-11T08:27:59.6085606+02:00" testType="13cdc9d9-ddb5-4fa4-a97d-d965ccfc6d4b" outcome="Passed" testListId="8c84fa94-04c1-424b-9868-57a2d4851a1d" relativeResultsDirectory="c1edb454-632e-45fa-90fd-492b9846d086" />
  </Results>
  <TestDefinitions>
    <UnitTest name="ParameterNameAnalyzer.Test.ParameterNameAnalyzerTests.NoDiagnosticForExtensionMethodThisParameter" storage="c:\users\zachary.christophers\onedrive\documents\repos\christophers.analyzers.parameternameanalyzer\parameternameanalyzer\parameternameanalyzer.test\bin\debug\net8.0\parameternameanalyzer.test.dll" id="764e4542-1948-a8a6-4db8-f6d502f62eee">
      <Execution id="c4e3c1c8-526c-4be2-92ca-cfa84921ba34" />
      <TestMethod codeBase="C:\Users\zachary.christophers\OneDrive\Documents\Repos\Christophers.Analyzers.ParameterNameAnalyzer\ParameterNameAnalyzer\ParameterNameAnalyzer.Test\bin\Debug\net8.0\ParameterNameAnalyzer.Test.dll" adapterTypeName="executor://xunit/VsTestRunner2/netcoreapp" className="ParameterNameAnalyzer.Test.ParameterNameAnalyzerTests" name="NoDiagnosticForExtensionMethodThisParameter" />
    </UnitTest>
    <UnitTest name="ParameterNameAnalyzer.Test.ParameterNameAnalyzerTests.DiagnosticForConstructorCallsWithMissingParameterNames" storage="c:\users\zachary.christophers\onedrive\documents\repos\christophers.analyzers.parameternameanalyzer\parameternameanalyzer\parameternameanalyzer.test\bin\debug\net8.0\parameternameanalyzer.test.dll" id="535d6695-15fe-39d3-09ea-0decd3753f5f">
      <Execution id="d51afdea-4d3b-4e52-b4ee-b437ad834cb5" />
      <TestMethod codeBase="C:\Users\zachary.christophers\OneDrive\Documents\Repos\Christophers.Analyzers.ParameterNameAnalyzer\ParameterNameAnalyzer\ParameterNameAnalyzer.Test\bin\Debug\net8.0\ParameterNameAnalyzer.Test.dll" adapterTypeName="executor://xunit/VsTestRunner2/netcoreapp" className="ParameterNameAnalyzer.Test.ParameterNameAnalyzerTests" name="DiagnosticForConstructorCallsWithMissingParameterNames" />
    </UnitTest>
    <UnitTest name="ParameterNameAnalyzer.Test.ParameterNameAnalyzerTests.DiagnosticRaisedWhenParameterNamesAreMissing" storage="c:\users\zachary.christophers\onedrive\documents\repos\christophers.analyzers.parameternameanalyzer\parameternameanalyzer\parameternameanalyzer.test\bin\debug\net8.0\parameternameanalyzer.test.dll" id="0f7ecd2b-f5ef-cd98-ad71-72e18c65ef76">
      <Execution id="44416a2b-166a-4c45-8f52-2108e79a3ae5" />
      <TestMethod codeBase="C:\Users\zachary.christophers\OneDrive\Documents\Repos\Christophers.Analyzers.ParameterNameAnalyzer\ParameterNameAnalyzer\ParameterNameAnalyzer.Test\bin\Debug\net8.0\ParameterNameAnalyzer.Test.dll" adapterTypeName="executor://xunit/VsTestRunner2/netcoreapp" className="ParameterNameAnalyzer.Test.ParameterNameAnalyzerTests" name="DiagnosticRaisedWhenParameterNamesAreMissing" />
    </UnitTest>
    <UnitTest name="ParameterNameAnalyzer.Test.ParameterNameAnalyzerTests.DiagnosticForMultipleArgumentsWithoutParameterNames" storage="c:\users\zachary.christophers\onedrive\documents\repos\christophers.analyzers.parameternameanalyzer\parameternameanalyzer\parameternameanalyzer.test\bin\debug\net8.0\parameternameanalyzer.test.dll" id="9628ad9b-ad21-39d3-03a4-56f30d1a7967">
      <Execution id="f9b37bae-37ee-4d7f-b613-dc7865a363f5" />
      <TestMethod codeBase="C:\Users\zachary.christophers\OneDrive\Documents\Repos\Christophers.Analyzers.ParameterNameAnalyzer\ParameterNameAnalyzer\ParameterNameAnalyzer.Test\bin\Debug\net8.0\ParameterNameAnalyzer.Test.dll" adapterTypeName="executor://xunit/VsTestRunner2/netcoreapp" className="ParameterNameAnalyzer.Test.ParameterNameAnalyzerTests" name="DiagnosticForMultipleArgumentsWithoutParameterNames" />
    </UnitTest>
    <UnitTest name="ParameterNameAnalyzer.Test.ParameterNameAnalyzerTests.NoDiagnosticWhenAllParameterNamesArePresent" storage="c:\users\zachary.christophers\onedrive\documents\repos\christophers.analyzers.parameternameanalyzer\parameternameanalyzer\parameternameanalyzer.test\bin\debug\net8.0\parameternameanalyzer.test.dll" id="d7f8b161-fd9d-73a5-9b9e-37021f6d6505">
      <Execution id="dfe9ebb0-37ae-4d56-9123-1596cca97b0b" />
      <TestMethod codeBase="C:\Users\zachary.christophers\OneDrive\Documents\Repos\Christophers.Analyzers.ParameterNameAnalyzer\ParameterNameAnalyzer\ParameterNameAnalyzer.Test\bin\Debug\net8.0\ParameterNameAnalyzer.Test.dll" adapterTypeName="executor://xunit/VsTestRunner2/netcoreapp" className="ParameterNameAnalyzer.Test.ParameterNameAnalyzerTests" name="NoDiagnosticWhenAllParameterNamesArePresent" />
    </UnitTest>
    <UnitTest name="ParameterNameAnalyzer.Test.ParameterNameAnalyzerTests.DiagnosticForMixedNamedAndPositionalArguments" storage="c:\users\zachary.christophers\onedrive\documents\repos\christophers.analyzers.parameternameanalyzer\parameternameanalyzer\parameternameanalyzer.test\bin\debug\net8.0\parameternameanalyzer.test.dll" id="b49604ff-76f9-1203-42cb-f198d2ae157d">
      <Execution id="1ae15f68-a9d4-46b8-8657-96eba449f343" />
      <TestMethod codeBase="C:\Users\zachary.christophers\OneDrive\Documents\Repos\Christophers.Analyzers.ParameterNameAnalyzer\ParameterNameAnalyzer\ParameterNameAnalyzer.Test\bin\Debug\net8.0\ParameterNameAnalyzer.Test.dll" adapterTypeName="executor://xunit/VsTestRunner2/netcoreapp" className="ParameterNameAnalyzer.Test.ParameterNameAnalyzerTests" name="DiagnosticForMixedNamedAndPositionalArguments" />
    </UnitTest>
    <UnitTest name="ParameterNameAnalyzer.Test.ParameterNameAnalyzerTests.TestAnalyzerForOverloadedMethods" storage="c:\users\zachary.christophers\onedrive\documents\repos\christophers.analyzers.parameternameanalyzer\parameternameanalyzer\parameternameanalyzer.test\bin\debug\net8.0\parameternameanalyzer.test.dll" id="06e4afab-9c6b-9650-ec87-7bdb70f8f2aa">
      <Execution id="e2fb67f6-a11c-4443-892a-dd8f5108f0a1" />
      <TestMethod codeBase="C:\Users\zachary.christophers\OneDrive\Documents\Repos\Christophers.Analyzers.ParameterNameAnalyzer\ParameterNameAnalyzer\ParameterNameAnalyzer.Test\bin\Debug\net8.0\ParameterNameAnalyzer.Test.dll" adapterTypeName="executor://xunit/VsTestRunner2/netcoreapp" className="ParameterNameAnalyzer.Test.ParameterNameAnalyzerTests" name="TestAnalyzerForOverloadedMethods" />
    </UnitTest>
    <UnitTest name="ParameterNameAnalyzer.Test.ParameterNameAnalyzerTests.NoDiagnosticWhenDefaultParametersAreUsed" storage="c:\users\zachary.christophers\onedrive\documents\repos\christophers.analyzers.parameternameanalyzer\parameternameanalyzer\parameternameanalyzer.test\bin\debug\net8.0\parameternameanalyzer.test.dll" id="13a9dc4f-4cb4-5aad-87f5-8b090e7c3c07">
      <Execution id="c1edb454-632e-45fa-90fd-492b9846d086" />
      <TestMethod codeBase="C:\Users\zachary.christophers\OneDrive\Documents\Repos\Christophers.Analyzers.ParameterNameAnalyzer\ParameterNameAnalyzer\ParameterNameAnalyzer.Test\bin\Debug\net8.0\ParameterNameAnalyzer.Test.dll" adapterTypeName="executor://xunit/VsTestRunner2/netcoreapp" className="ParameterNameAnalyzer.Test.ParameterNameAnalyzerTests" name="NoDiagnosticWhenDefaultParametersAreUsed" />
    </UnitTest>
    <UnitTest name="ParameterNameAnalyzer.Test.ParameterNameAnalyzerTests.NoDiagnosticForOptionalParameters" storage="c:\users\zachary.christophers\onedrive\documents\repos\christophers.analyzers.parameternameanalyzer\parameternameanalyzer\parameternameanalyzer.test\bin\debug\net8.0\parameternameanalyzer.test.dll" id="f9d4c831-bf50-4816-3b05-5e028fa65c1b">
      <Execution id="b182bc11-f2ae-4659-ae38-26f8a2a940d5" />
      <TestMethod codeBase="C:\Users\zachary.christophers\OneDrive\Documents\Repos\Christophers.Analyzers.ParameterNameAnalyzer\ParameterNameAnalyzer\ParameterNameAnalyzer.Test\bin\Debug\net8.0\ParameterNameAnalyzer.Test.dll" adapterTypeName="executor://xunit/VsTestRunner2/netcoreapp" className="ParameterNameAnalyzer.Test.ParameterNameAnalyzerTests" name="NoDiagnosticForOptionalParameters" />
    </UnitTest>
    <UnitTest name="ParameterNameAnalyzer.Test.ParameterNameAnalyzerTests.TestGeneral" storage="c:\users\zachary.christophers\onedrive\documents\repos\christophers.analyzers.parameternameanalyzer\parameternameanalyzer\parameternameanalyzer.test\bin\debug\net8.0\parameternameanalyzer.test.dll" id="cdc95ffb-0500-1932-cb00-e12f8606e294">
      <Execution id="7872d804-70f9-45a5-a37a-af78fc9ffb6a" />
      <TestMethod codeBase="C:\Users\zachary.christophers\OneDrive\Documents\Repos\Christophers.Analyzers.ParameterNameAnalyzer\ParameterNameAnalyzer\ParameterNameAnalyzer.Test\bin\Debug\net8.0\ParameterNameAnalyzer.Test.dll" adapterTypeName="executor://xunit/VsTestRunner2/netcoreapp" className="ParameterNameAnalyzer.Test.ParameterNameAnalyzerTests" name="TestGeneral" />
    </UnitTest>
    <UnitTest name="ParameterNameAnalyzer.Test.ParameterNameAnalyzerTests.NoDiagnosticForGenericMethodWithNamedParameters" storage="c:\users\zachary.christophers\onedrive\documents\repos\christophers.analyzers.parameternameanalyzer\parameternameanalyzer\parameternameanalyzer.test\bin\debug\net8.0\parameternameanalyzer.test.dll" id="46170fb5-f51b-3932-3fd9-84052d9f02c0">
      <Execution id="7e8310d7-4d3f-4ccd-8752-f04f2e6a140c" />
      <TestMethod codeBase="C:\Users\zachary.christophers\OneDrive\Documents\Repos\Christophers.Analyzers.ParameterNameAnalyzer\ParameterNameAnalyzer\ParameterNameAnalyzer.Test\bin\Debug\net8.0\ParameterNameAnalyzer.Test.dll" adapterTypeName="executor://xunit/VsTestRunner2/netcoreapp" className="ParameterNameAnalyzer.Test.ParameterNameAnalyzerTests" name="NoDiagnosticForGenericMethodWithNamedParameters" />
    </UnitTest>
    <UnitTest name="ParameterNameAnalyzer.Test.ParameterNameAnalyzerTests.DiagnosticForChainedMethodCallsWithoutParameterNames" storage="c:\users\zachary.christophers\onedrive\documents\repos\christophers.analyzers.parameternameanalyzer\parameternameanalyzer\parameternameanalyzer.test\bin\debug\net8.0\parameternameanalyzer.test.dll" id="cd18f0be-c28e-2df5-e790-6aa645565a52">
      <Execution id="7c9b91b3-15fb-435f-8484-cf13d378e885" />
      <TestMethod codeBase="C:\Users\zachary.christophers\OneDrive\Documents\Repos\Christophers.Analyzers.ParameterNameAnalyzer\ParameterNameAnalyzer\ParameterNameAnalyzer.Test\bin\Debug\net8.0\ParameterNameAnalyzer.Test.dll" adapterTypeName="executor://xunit/VsTestRunner2/netcoreapp" className="ParameterNameAnalyzer.Test.ParameterNameAnalyzerTests" name="DiagnosticForChainedMethodCallsWithoutParameterNames" />
    </UnitTest>
    <UnitTest name="ParameterNameAnalyzer.Test.ParameterNameAnalyzerTests.NoDiagnosticWhenParameterNamesAreExplicit" storage="c:\users\zachary.christophers\onedrive\documents\repos\christophers.analyzers.parameternameanalyzer\parameternameanalyzer\parameternameanalyzer.test\bin\debug\net8.0\parameternameanalyzer.test.dll" id="74aa2b30-ca40-242a-e82c-a8de35eb70cd">
      <Execution id="7ffef72d-1641-4830-b520-17475629734c" />
      <TestMethod codeBase="C:\Users\zachary.christophers\OneDrive\Documents\Repos\Christophers.Analyzers.ParameterNameAnalyzer\ParameterNameAnalyzer\ParameterNameAnalyzer.Test\bin\Debug\net8.0\ParameterNameAnalyzer.Test.dll" adapterTypeName="executor://xunit/VsTestRunner2/netcoreapp" className="ParameterNameAnalyzer.Test.ParameterNameAnalyzerTests" name="NoDiagnosticWhenParameterNamesAreExplicit" />
    </UnitTest>
  </TestDefinitions>
  <TestEntries>
    <TestEntry testId="b49604ff-76f9-1203-42cb-f198d2ae157d" executionId="1ae15f68-a9d4-46b8-8657-96eba449f343" testListId="8c84fa94-04c1-424b-9868-57a2d4851a1d" />
    <TestEntry testId="cd18f0be-c28e-2df5-e790-6aa645565a52" executionId="7c9b91b3-15fb-435f-8484-cf13d378e885" testListId="8c84fa94-04c1-424b-9868-57a2d4851a1d" />
    <TestEntry testId="764e4542-1948-a8a6-4db8-f6d502f62eee" executionId="c4e3c1c8-526c-4be2-92ca-cfa84921ba34" testListId="8c84fa94-04c1-424b-9868-57a2d4851a1d" />
    <TestEntry testId="535d6695-15fe-39d3-09ea-0decd3753f5f" executionId="d51afdea-4d3b-4e52-b4ee-b437ad834cb5" testListId="8c84fa94-04c1-424b-9868-57a2d4851a1d" />
    <TestEntry testId="46170fb5-f51b-3932-3fd9-84052d9f02c0" executionId="7e8310d7-4d3f-4ccd-8752-f04f2e6a140c" testListId="8c84fa94-04c1-424b-9868-57a2d4851a1d" />
    <TestEntry testId="74aa2b30-ca40-242a-e82c-a8de35eb70cd" executionId="7ffef72d-1641-4830-b520-17475629734c" testListId="8c84fa94-04c1-424b-9868-57a2d4851a1d" />
    <TestEntry testId="f9d4c831-bf50-4816-3b05-5e028fa65c1b" executionId="b182bc11-f2ae-4659-ae38-26f8a2a940d5" testListId="8c84fa94-04c1-424b-9868-57a2d4851a1d" />
    <TestEntry testId="cdc95ffb-0500-1932-cb00-e12f8606e294" executionId="7872d804-70f9-45a5-a37a-af78fc9ffb6a" testListId="8c84fa94-04c1-424b-9868-57a2d4851a1d" />
    <TestEntry testId="d7f8b161-fd9d-73a5-9b9e-37021f6d6505" executionId="dfe9ebb0-37ae-4d56-9123-1596cca97b0b" testListId="8c84fa94-04c1-424b-9868-57a2d4851a1d" />
    <TestEntry testId="06e4afab-9c6b-9650-ec87-7bdb70f8f2aa" executionId="e2fb67f6-a11c-4443-892a-dd8f5108f0a1" testListId="8c84fa94-04c1-424b-9868-57a2d4851a1d" />
    <TestEntry testId="9628ad9b-ad21-39d3-03a4-56f30d1a7967" executionId="f9b37bae-37ee-4d7f-b613-dc7865a363f5" testListId="8c84fa94-04c1-424b-9868-57a2d4851a1d" />
    <TestEntry testId="0f7ecd2b-f5ef-cd98-ad71-72e18c65ef76" executionId="44416a2b-166a-4c45-8f52-2108e79a3ae5" testListId="8c84fa94-04c1-424b-9868-57a2d4851a1d" />
    <TestEntry testId="13a9dc4f-4cb4-5aad-87f5-8b090e7c3c07" executionId="c1edb454-632e-45fa-90fd-492b9846d086" testListId="8c84fa94-04c1-424b-9868-57a2d4851a1d" />
  </TestEntries>
  <TestLists>
    <TestList name="Results Not in a List" id="8c84fa94-04c1-424b-9868-57a2d4851a1d" />
    <TestList name="All Loaded Results" id="19431567-8539-422a-85d7-44ee4e166bda" />
  </TestLists>
  <ResultSummary outcome="Completed">
    <Counters total="13" executed="13" passed="13" failed="0" error="0" timeout="0" aborted="0" inconclusive="0" passedButRunAborted="0" notRunnable="0" notExecuted="0" disconnected="0" warning="0" completed="0" inProgress="0" pending="0" />
    <Output>
      <StdOut>[xUnit.net 00:00:00.00] xUnit.net VSTest Adapter v2.8.2+699d445a1a (64-bit .NET 8.0.10)&#xD;
[xUnit.net 00:00:00.09]   Discovering: ParameterNameAnalyzer.Test&#xD;
[xUnit.net 00:00:00.14]   Discovered:  ParameterNameAnalyzer.Test&#xD;
[xUnit.net 00:00:00.14]   Starting:    ParameterNameAnalyzer.Test&#xD;
[xUnit.net 00:00:01.89]   Finished:    ParameterNameAnalyzer.Test&#xD;
</StdOut>
    </Output>
  </ResultSummary>
</TestRun>